
> windfall-app@0.0.0 typecheck
> tsc --noEmit

